command: python -m pytest tests/unit/test_late_fee_tier.py -v
executed_as: C:\Users\caleb\Documents\Projects\AgenticHarness\.venv\Scripts\python.exe -m pytest tests/unit/test_late_fee_tier.py -v
working_directory: demo-repo
timeout_seconds: 300
real_pytest_exit_code: 2
reported_exit_code: 2

--- STDOUT ---
============================= test session starts =============================
platform win32 -- Python 3.14.2, pytest-9.1.1, pluggy-1.6.0 -- C:\Users\caleb\Documents\Projects\AgenticHarness\.venv\Scripts\python.exe
cachedir: .pytest_cache
rootdir: C:\Users\caleb\Documents\Projects\AgenticHarness\demo-repo
configfile: pyproject.toml
collecting ... collected 0 items / 1 error

=================================== ERRORS ====================================
______________ ERROR collecting tests/unit/test_late_fee_tier.py ______________
ImportError while importing test module 'C:\Users\caleb\Documents\Projects\AgenticHarness\demo-repo\tests\unit\test_late_fee_tier.py'.
Hint: make sure your test modules/packages have valid Python names.
Traceback:
..\..\..\..\AppData\Local\Python\pythoncore-3.14-64\Lib\importlib\__init__.py:88: in import_module
    return _bootstrap._gcd_import(name[level:], package, level)
           ^^^^^^^^^^^^^^^^^^^^^^^^^^^^^^^^^^^^^^^^^^^^^^^^^^^^
tests\unit\test_late_fee_tier.py:14: in <module>
    from loanflow.late_fee_tier import classify_late_fee_tier
E   ModuleNotFoundError: No module named 'loanflow.late_fee_tier'
=========================== short test summary info ===========================
ERROR tests/unit/test_late_fee_tier.py
!!!!!!!!!!!!!!!!!!! Interrupted: 1 error during collection !!!!!!!!!!!!!!!!!!!!
============================== 1 error in 0.19s ===============================

--- STDERR ---

--- MUTATION CHECK ---
no persistent non-cache file addition, deletion, or modification detected
