command: python -m pytest tests/unit/test_primitives.py -k test_percentage_rejects_non_integer_basis_points -v
executed_as: C:\Users\caleb\Documents\Projects\AgenticHarness\.venv\Scripts\python.exe -m pytest tests/unit/test_primitives.py -k test_percentage_rejects_non_integer_basis_points -v
working_directory: demo-repo
timeout_seconds: 300
real_pytest_exit_code: 1
reported_exit_code: 1

--- STDOUT ---
============================= test session starts =============================
platform win32 -- Python 3.14.2, pytest-9.1.1, pluggy-1.6.0 -- C:\Users\caleb\Documents\Projects\AgenticHarness\.venv\Scripts\python.exe
cachedir: .pytest_cache
rootdir: C:\Users\caleb\Documents\Projects\AgenticHarness\demo-repo
configfile: pyproject.toml
collecting ... collected 9 items / 8 deselected / 1 selected

tests/unit/test_primitives.py::test_percentage_rejects_non_integer_basis_points FAILED [100%]

================================== FAILURES ===================================
______________ test_percentage_rejects_non_integer_basis_points _______________

    def test_percentage_rejects_non_integer_basis_points() -> None:
>       with pytest.raises(ValidationError):
             ^^^^^^^^^^^^^^^^^^^^^^^^^^^^^^
E       Failed: DID NOT RAISE ValidationError

tests\unit\test_primitives.py:48: Failed
=========================== short test summary info ===========================
FAILED tests/unit/test_primitives.py::test_percentage_rejects_non_integer_basis_points
======================= 1 failed, 8 deselected in 0.14s =======================

--- STDERR ---

--- MUTATION CHECK ---
no persistent non-cache file addition, deletion, or modification detected
