command: python -m pytest tests/unit/test_explanations.py -v
executed_as: C:\Users\caleb\Documents\Projects\AgenticHarness\.venv\Scripts\python.exe -m pytest tests/unit/test_explanations.py -v
working_directory: demo-repo
timeout_seconds: 300
real_pytest_exit_code: 0
reported_exit_code: 0

--- STDOUT ---
[1m============================= test session starts =============================[0m
platform win32 -- Python 3.14.2, pytest-9.1.1, pluggy-1.6.0 -- C:\Users\caleb\Documents\Projects\AgenticHarness\.venv\Scripts\python.exe
cachedir: .pytest_cache
rootdir: C:\Users\caleb\Documents\Projects\AgenticHarness\demo-repo
configfile: pyproject.toml
[1mcollecting ... [0mcollected 4 items

tests/unit/test_explanations.py::test_explain_approve_mentions_approval_and_each_rule [32mPASSED[0m[32m [ 25%][0m
tests/unit/test_explanations.py::test_explain_refer_mentions_manual_review [32mPASSED[0m[32m [ 50%][0m
tests/unit/test_explanations.py::test_explain_decline_mentions_decline_and_the_failing_rule [32mPASSED[0m[32m [ 75%][0m
tests/unit/test_explanations.py::test_explain_includes_the_overall_risk_band [32mPASSED[0m[32m [100%][0m

[32m============================== [32m[1m4 passed[0m[32m in 0.02s[0m[32m ==============================[0m

--- STDERR ---

--- MUTATION CHECK ---
no persistent non-cache file addition, deletion, or modification detected
