command: python -m pytest tests/unit/test_late_fee_tier.py -v
executed_as: C:\Users\caleb\Documents\Projects\AgenticHarness\.venv\Scripts\python.exe -m pytest tests/unit/test_late_fee_tier.py -v
working_directory: demo-repo
timeout_seconds: 300
real_pytest_exit_code: 1
reported_exit_code: 1

--- STDOUT ---
============================= test session starts =============================
platform win32 -- Python 3.14.2, pytest-9.1.1, pluggy-1.6.0 -- C:\Users\caleb\Documents\Projects\AgenticHarness\.venv\Scripts\python.exe
cachedir: .pytest_cache
rootdir: C:\Users\caleb\Documents\Projects\AgenticHarness\demo-repo
configfile: pyproject.toml
collecting ... collected 2 items

tests/unit/test_late_fee_tier.py::test_late_fee_tier_boundaries FAILED   [ 50%]
tests/unit/test_late_fee_tier.py::test_negative_days_past_due_is_rejected PASSED [100%]

================================== FAILURES ===================================
________________________ test_late_fee_tier_boundaries ________________________

    def test_late_fee_tier_boundaries() -> None:
        boundary_cases = {
            0: "grace",
            5: "grace",
            6: "standard",
            29: "standard",
            30: "severe",
            31: "severe",
        }
        for days_past_due, expected in boundary_cases.items():
>           assert classify_late_fee_tier(days_past_due) == expected
E           AssertionError: assert 'standard' == 'severe'
E             
E             - severe
E             + standard

tests\unit\test_late_fee_tier.py:29: AssertionError
=========================== short test summary info ===========================
FAILED tests/unit/test_late_fee_tier.py::test_late_fee_tier_boundaries - Asse...
========================= 1 failed, 1 passed in 0.06s =========================

--- STDERR ---

--- MUTATION CHECK ---
no persistent non-cache file addition, deletion, or modification detected
