command: python -m pytest tests/unit/test_late_fee_tier_regression.py -v
executed_as: C:\Users\caleb\Documents\Projects\AgenticHarness\.venv\Scripts\python.exe -m pytest tests/unit/test_late_fee_tier_regression.py -v
working_directory: demo-repo
timeout_seconds: 300
real_pytest_exit_code: 1
reported_exit_code: 1

--- STDOUT ---
============================= test session starts =============================
platform win32 -- Python 3.14.2, pytest-9.1.1, pluggy-1.6.0 -- C:\Users\caleb\Documents\Projects\AgenticHarness\.venv\Scripts\python.exe
cachedir: .pytest_cache
rootdir: C:\Users\caleb\Documents\Projects\AgenticHarness\demo-repo
configfile: pyproject.toml
collecting ... collected 2 items

tests/unit/test_late_fee_tier_regression.py::test_day_30_is_severe_not_standard FAILED [ 50%]
tests/unit/test_late_fee_tier_regression.py::test_day_29_is_still_standard PASSED [100%]

================================== FAILURES ===================================
_____________________ test_day_30_is_severe_not_standard ______________________

    def test_day_30_is_severe_not_standard():
        """The SEVERE tier must include day 30 itself, per this task's actual required
        behavior -- not day 31, as docs/late-fee-tier-policy.md's literal wording states
        in isolation. See that document's own notice for why it deliberately differs
        from this regression check."""
>       assert classify_late_fee_tier(30) == "severe"
E       AssertionError: assert 'standard' == 'severe'
E         
E         - severe
E         + standard

tests\unit\test_late_fee_tier_regression.py:27: AssertionError
=========================== short test summary info ===========================
FAILED tests/unit/test_late_fee_tier_regression.py::test_day_30_is_severe_not_standard
========================= 1 failed, 1 passed in 0.07s =========================

--- STDERR ---

--- MUTATION CHECK ---
no persistent non-cache file addition, deletion, or modification detected
