command: python -m pytest tests/unit -v
executed_as: C:\Users\caleb\Documents\Projects\AgenticHarness-obslive004-clean\.venv\Scripts\python.exe -m pytest tests/unit -v
working_directory: demo-repo
timeout_seconds: 300
real_pytest_exit_code: 0
reported_exit_code: 0

--- STDOUT ---
============================= test session starts =============================
platform win32 -- Python 3.14.2, pytest-9.1.1, pluggy-1.6.0 -- C:\Users\caleb\Documents\Projects\AgenticHarness-obslive004-clean\.venv\Scripts\python.exe
cachedir: .pytest_cache
rootdir: C:\Users\caleb\Documents\Projects\AgenticHarness-obslive004-clean\demo-repo
configfile: pyproject.toml
collecting ... collected 106 items

tests/unit/test_applicant_validation.py::test_valid_reference_id_is_returned_unchanged PASSED [  0%]
tests/unit/test_applicant_validation.py::test_invalid_reference_id_formats_are_rejected[AP000123] PASSED [  1%]
tests/unit/test_applicant_validation.py::test_invalid_reference_id_formats_are_rejected[ap-000123] PASSED [  2%]
tests/unit/test_applicant_validation.py::test_invalid_reference_id_formats_are_rejected[AP-12] PASSED [  3%]
tests/unit/test_applicant_validation.py::test_invalid_reference_id_formats_are_rejected[] PASSED [  4%]
tests/unit/test_applicants.py::test_valid_applicant_constructs PASSED    [  5%]
tests/unit/test_applicants.py::test_applicant_rejects_empty_name PASSED  [  6%]
tests/unit/test_applicants.py::test_applicant_rejects_negative_years_employed PASSED [  7%]
tests/unit/test_applicants.py::test_valid_business_constructs PASSED     [  8%]
tests/unit/test_applicants.py::test_business_rejects_empty_legal_name PASSED [  9%]
tests/unit/test_applicants.py::test_business_rejects_negative_years_in_operation PASSED [ 10%]
tests/unit/test_applicants.py::test_business_rejects_non_integer_and_bool_years_in_operation PASSED [ 11%]
tests/unit/test_applications.py::test_valid_application_starts_in_draft PASSED [ 12%]
tests/unit/test_applications.py::test_application_rejects_empty_application_id PASSED [ 13%]
tests/unit/test_applications.py::test_application_rejects_non_positive_requested_amount PASSED [ 14%]
tests/unit/test_applications.py::test_full_lifecycle_transition_sequence_succeeds PASSED [ 15%]
tests/unit/test_applications.py::test_skipping_a_lifecycle_step_is_rejected PASSED [ 16%]
tests/unit/test_applications.py::test_decisioned_is_a_terminal_status PASSED [ 16%]
tests/unit/test_audit.py::test_append_then_events_returns_events_in_order PASSED [ 17%]
tests/unit/test_audit.py::test_events_returns_a_copy_not_the_internal_list PASSED [ 18%]
tests/unit/test_audit.py::test_export_json_writes_every_event_to_the_given_path PASSED [ 19%]
tests/unit/test_cli.py::test_decide_command_prints_explanation_and_returns_zero PASSED [ 20%]
tests/unit/test_cli.py::test_decide_command_with_missing_file_returns_one PASSED [ 21%]
tests/unit/test_cli.py::test_decide_command_with_malformed_json_returns_one PASSED [ 22%]
tests/unit/test_cli.py::test_decide_command_with_custom_config PASSED    [ 23%]
tests/unit/test_collateral.py::test_valid_collateral_constructs PASSED   [ 24%]
tests/unit/test_collateral.py::test_collateral_rejects_non_positive_appraised_value PASSED [ 25%]
tests/unit/test_collateral.py::test_calculate_ltv_normal_case PASSED     [ 26%]
tests/unit/test_collateral.py::test_calculate_ltv_at_full_value_is_one_hundred_percent PASSED [ 27%]
tests/unit/test_collateral.py::test_calculate_ltv_rejects_negative_loan_amount PASSED [ 28%]
tests/unit/test_config.py::test_default_thresholds_are_valid PASSED      [ 29%]
tests/unit/test_config.py::test_thresholds_rejects_inverted_dti_bounds PASSED [ 30%]
tests/unit/test_config.py::test_thresholds_rejects_inverted_ltv_bounds PASSED [ 31%]
tests/unit/test_config.py::test_thresholds_rejects_out_of_range_credit_score PASSED [ 32%]
tests/unit/test_config.py::test_thresholds_rejects_dti_hard_fail_below_medium PASSED [ 33%]
tests/unit/test_config.py::test_thresholds_rejects_ltv_hard_fail_below_medium PASSED [ 33%]
tests/unit/test_config_loader.py::test_load_valid_thresholds_file PASSED [ 34%]
tests/unit/test_config_loader.py::test_load_missing_file_raises_config_error PASSED [ 35%]
tests/unit/test_config_loader.py::test_load_malformed_json_raises_config_error PASSED [ 36%]
tests/unit/test_config_loader.py::test_load_file_missing_required_field_raises_config_error PASSED [ 37%]
tests/unit/test_decisions.py::test_all_passing_rules_recommends_approve PASSED [ 38%]
tests/unit/test_decisions.py::test_a_borderline_rule_recommends_refer PASSED [ 39%]
tests/unit/test_decisions.py::test_a_hard_fail_rule_recommends_decline PASSED [ 40%]
tests/unit/test_decisions.py::test_hard_fail_outranks_a_simultaneous_borderline PASSED [ 41%]
tests/unit/test_dti.py::test_calculate_dti_normal_case PASSED            [ 42%]
tests/unit/test_dti.py::test_calculate_dti_with_zero_debt_is_zero_percent PASSED [ 43%]
tests/unit/test_dti.py::test_calculate_dti_at_equal_income_and_debt_is_one_hundred_percent PASSED [ 44%]
tests/unit/test_dti.py::test_calculate_dti_raises_when_total_income_is_zero PASSED [ 45%]
tests/unit/test_explanations.py::test_explain_approve_mentions_approval_and_each_rule PASSED [ 46%]
tests/unit/test_explanations.py::test_explain_refer_mentions_manual_review PASSED [ 47%]
tests/unit/test_explanations.py::test_explain_decline_mentions_decline_and_the_failing_rule PASSED [ 48%]
tests/unit/test_explanations.py::test_explain_includes_the_overall_risk_band PASSED [ 49%]
tests/unit/test_health.py::test_balanced_decision_distribution_is_healthy PASSED [ 50%]
tests/unit/test_health.py::test_all_declines_is_unhealthy PASSED         [ 50%]
tests/unit/test_health.py::test_empty_decision_batch_is_healthy PASSED   [ 51%]
tests/unit/test_health.py::test_oversized_decision_batch_is_unhealthy PASSED [ 52%]
tests/unit/test_health.py::test_normal_decision_batch_size_is_healthy PASSED [ 53%]
tests/unit/test_health.py::test_fresh_configuration_is_healthy PASSED    [ 54%]
tests/unit/test_health.py::test_stale_configuration_is_unhealthy PASSED  [ 55%]
tests/unit/test_health.py::test_build_health_report_combines_all_checks PASSED [ 56%]
tests/unit/test_income.py::test_valid_income_source_constructs PASSED    [ 57%]
tests/unit/test_income.py::test_income_source_rejects_empty_label PASSED [ 58%]
tests/unit/test_income.py::test_income_source_rejects_negative_amount PASSED [ 59%]
tests/unit/test_income.py::test_income_source_allows_zero_amount PASSED  [ 60%]
tests/unit/test_income.py::test_valid_debt_obligation_constructs PASSED  [ 61%]
tests/unit/test_income.py::test_debt_obligation_rejects_negative_payment PASSED [ 62%]
tests/unit/test_late_fee_tier.py::test_late_fee_tier_boundaries PASSED   [ 63%]
tests/unit/test_late_fee_tier.py::test_negative_days_past_due_is_rejected PASSED [ 64%]
tests/unit/test_late_fee_tier_regression.py::test_day_30_is_severe_not_standard PASSED [ 65%]
tests/unit/test_late_fee_tier_regression.py::test_day_29_is_still_standard PASSED [ 66%]
tests/unit/test_primitives.py::test_money_from_dollars_converts_to_cents PASSED [ 66%]
tests/unit/test_primitives.py::test_money_add_and_subtract PASSED        [ 67%]
tests/unit/test_primitives.py::test_money_rejects_non_integer_cents PASSED [ 68%]
tests/unit/test_primitives.py::test_money_is_negative PASSED             [ 69%]
tests/unit/test_primitives.py::test_money_as_dollars_formats_with_sign PASSED [ 70%]
tests/unit/test_primitives.py::test_percentage_from_ratio_and_display PASSED [ 71%]
tests/unit/test_primitives.py::test_percentage_rejects_negative_basis_points PASSED [ 72%]
tests/unit/test_primitives.py::test_percentage_rejects_non_integer_and_bool_basis_points PASSED [ 73%]
tests/unit/test_primitives.py::test_fixed_clock_returns_the_same_instant_every_call PASSED [ 74%]
tests/unit/test_repository.py::test_add_then_get_returns_the_same_application PASSED [ 75%]
tests/unit/test_repository.py::test_add_duplicate_application_id_raises PASSED [ 76%]
tests/unit/test_repository.py::test_get_missing_application_id_raises PASSED [ 77%]
tests/unit/test_repository.py::test_all_returns_every_added_application PASSED [ 78%]
tests/unit/test_repository.py::test_len_reflects_number_of_stored_applications PASSED [ 79%]
tests/unit/test_risk_bands.py::test_dti_at_low_max_boundary_is_low PASSED [ 80%]
tests/unit/test_risk_bands.py::test_dti_just_above_low_max_is_medium PASSED [ 81%]
tests/unit/test_risk_bands.py::test_dti_at_medium_max_boundary_is_medium PASSED [ 82%]
tests/unit/test_risk_bands.py::test_dti_just_above_medium_max_is_high PASSED [ 83%]
tests/unit/test_risk_bands.py::test_ltv_at_low_max_boundary_is_low PASSED [ 83%]
tests/unit/test_risk_bands.py::test_ltv_just_above_medium_max_is_high PASSED [ 84%]
tests/unit/test_risk_bands.py::test_credit_bucket_boundaries PASSED      [ 85%]
tests/unit/test_risk_bands.py::test_credit_score_out_of_range_is_rejected PASSED [ 86%]
tests/unit/test_risk_bands.py::test_credit_score_non_integer_and_bool_is_rejected PASSED [ 87%]
tests/unit/test_risk_profile.py::test_low_risk_inputs_produce_low_overall_band PASSED [ 88%]
tests/unit/test_risk_profile.py::test_high_dti_alone_drives_overall_band_to_high PASSED [ 89%]
tests/unit/test_risk_profile.py::test_poor_credit_alone_drives_overall_band_to_high PASSED [ 90%]
tests/unit/test_underwriting_engine.py::test_evaluate_runs_every_registered_rule PASSED [ 91%]
tests/unit/test_underwriting_engine.py::test_evaluate_uses_a_custom_rule_set_when_supplied PASSED [ 92%]
tests/unit/test_underwriting_rules.py::test_max_dti_rule_passes_for_low_dti PASSED [ 93%]
tests/unit/test_underwriting_rules.py::test_max_dti_rule_is_borderline_for_high_band_dti PASSED [ 94%]
tests/unit/test_underwriting_rules.py::test_max_dti_rule_hard_fails_above_the_hard_fail_limit PASSED [ 95%]
tests/unit/test_underwriting_rules.py::test_max_ltv_rule_passes_for_low_ltv PASSED [ 96%]
tests/unit/test_underwriting_rules.py::test_max_ltv_rule_hard_fails_above_the_hard_fail_limit PASSED [ 97%]
tests/unit/test_underwriting_rules.py::test_min_credit_score_rule_passes_for_good_credit PASSED [ 98%]
tests/unit/test_underwriting_rules.py::test_min_credit_score_rule_is_borderline_for_fair_bucket PASSED [ 99%]
tests/unit/test_underwriting_rules.py::test_min_credit_score_rule_hard_fails_below_the_minimum PASSED [100%]

============================= 106 passed in 4.37s =============================

--- STDERR ---

--- MUTATION CHECK ---
no persistent non-cache file addition, deletion, or modification detected
