command: python -m pytest tests/unit/test_risk_bands.py -v
executed_as: C:\Users\caleb\Documents\Projects\AgenticHarness\.venv\Scripts\python.exe -m pytest tests/unit/test_risk_bands.py -v
working_directory: demo-repo
timeout_seconds: 300
real_pytest_exit_code: 0
reported_exit_code: 0

--- STDOUT ---
============================= test session starts =============================
platform win32 -- Python 3.14.2, pytest-9.1.1, pluggy-1.6.0 -- C:\Users\caleb\Documents\Projects\AgenticHarness\.venv\Scripts\python.exe
cachedir: .pytest_cache
rootdir: C:\Users\caleb\Documents\Projects\AgenticHarness\demo-repo
configfile: pyproject.toml
collecting ... collected 9 items

tests/unit/test_risk_bands.py::test_dti_at_low_max_boundary_is_low PASSED [ 11%]
tests/unit/test_risk_bands.py::test_dti_just_above_low_max_is_medium PASSED [ 22%]
tests/unit/test_risk_bands.py::test_dti_at_medium_max_boundary_is_medium PASSED [ 33%]
tests/unit/test_risk_bands.py::test_dti_just_above_medium_max_is_high PASSED [ 44%]
tests/unit/test_risk_bands.py::test_ltv_at_low_max_boundary_is_low PASSED [ 55%]
tests/unit/test_risk_bands.py::test_ltv_just_above_medium_max_is_high PASSED [ 66%]
tests/unit/test_risk_bands.py::test_credit_bucket_boundaries PASSED      [ 77%]
tests/unit/test_risk_bands.py::test_credit_score_out_of_range_is_rejected PASSED [ 88%]
tests/unit/test_risk_bands.py::test_credit_score_non_integer_and_bool_is_rejected PASSED [100%]

============================== 9 passed in 0.03s ==============================

--- STDERR ---

--- MUTATION CHECK ---
no persistent non-cache file addition, deletion, or modification detected
