command: python -m pytest tests/unit
executed_as: C:\Users\caleb\Documents\Projects\AgenticHarness\.venv\Scripts\python.exe -m pytest tests/unit
working_directory: demo-repo
timeout_seconds: 300
real_pytest_exit_code: 0
reported_exit_code: 0

--- STDOUT ---
============================= test session starts =============================
platform win32 -- Python 3.14.2, pytest-9.1.1, pluggy-1.6.0
rootdir: C:\Users\caleb\Documents\Projects\AgenticHarness\demo-repo
configfile: pyproject.toml
collected 105 items

tests\unit\test_applicant_validation.py .....                            [  4%]
tests\unit\test_applicants.py ......                                     [ 10%]
tests\unit\test_applications.py ......                                   [ 16%]
tests\unit\test_audit.py ...                                             [ 19%]
tests\unit\test_cli.py ....                                              [ 22%]
tests\unit\test_collateral.py .....                                      [ 27%]
tests\unit\test_config.py ......                                         [ 33%]
tests\unit\test_config_loader.py ....                                    [ 37%]
tests\unit\test_decisions.py ....                                        [ 40%]
tests\unit\test_dti.py ....                                              [ 44%]
tests\unit\test_explanations.py ....                                     [ 48%]
tests\unit\test_health.py ........                                       [ 56%]
tests\unit\test_income.py ......                                         [ 61%]
tests\unit\test_late_fee_tier.py ..                                      [ 63%]
tests\unit\test_late_fee_tier_regression.py ..                           [ 65%]
tests\unit\test_primitives.py .........                                  [ 74%]
tests\unit\test_repository.py .....                                      [ 79%]
tests\unit\test_risk_bands.py .........                                  [ 87%]
tests\unit\test_risk_profile.py ...                                      [ 90%]
tests\unit\test_underwriting_engine.py ..                                [ 92%]
tests\unit\test_underwriting_rules.py ........                           [100%]

============================= 105 passed in 0.30s =============================

--- STDERR ---

--- MUTATION CHECK ---
no persistent non-cache file addition, deletion, or modification detected
