============================= test session starts =============================
platform win32 -- Python 3.14.2, pytest-9.1.1, pluggy-1.6.0 -- C:\Users\caleb\Documents\Projects\AgenticHarness\.venv\Scripts\python.exe
cachedir: .pytest_cache
rootdir: C:\Users\caleb\Documents\Projects\AgenticHarness\demo-repo
configfile: pyproject.toml
collecting ... collected 8 items

demo-repo\tests\unit\test_risk_bands.py::test_dti_at_low_max_boundary_is_low FAILED [ 12%]
demo-repo\tests\unit\test_risk_bands.py::test_dti_just_above_low_max_is_medium PASSED [ 25%]
demo-repo\tests\unit\test_risk_bands.py::test_dti_at_medium_max_boundary_is_medium PASSED [ 37%]
demo-repo\tests\unit\test_risk_bands.py::test_dti_just_above_medium_max_is_high PASSED [ 50%]
demo-repo\tests\unit\test_risk_bands.py::test_ltv_at_low_max_boundary_is_low FAILED [ 62%]
demo-repo\tests\unit\test_risk_bands.py::test_ltv_just_above_medium_max_is_high PASSED [ 75%]
demo-repo\tests\unit\test_risk_bands.py::test_credit_bucket_boundaries PASSED [ 87%]
demo-repo\tests\unit\test_risk_bands.py::test_credit_score_out_of_range_is_rejected PASSED [100%]

================================== FAILURES ===================================
_____________________ test_dti_at_low_max_boundary_is_low _____________________

default_thresholds = Thresholds(dti_low_max=Percentage(basis_points=3600), dti_medium_max=Percentage(basis_points=4300), ltv_low_max=Percen...000), max_ltv_hard_fail=Percentage(basis_points=10000), min_credit_score=580, effective_date=datetime.date(2026, 1, 1))

    def test_dti_at_low_max_boundary_is_low(default_thresholds) -> None:
>       assert classify_dti(default_thresholds.dti_low_max, default_thresholds) is Band.LOW
E       AssertionError: assert <Band.MEDIUM: 'medium'> is <Band.LOW: 'low'>
E        +  where <Band.MEDIUM: 'medium'> = classify_dti(Percentage(basis_points=3600), Thresholds(dti_low_max=Percentage(basis_points=3600), dti_medium_max=Percentage(basis_points=4300), ltv_low_max=Percentage(basis_points=8000), ltv_medium_max=Percentage(basis_points=9500), max_dti_hard_fail=Percentage(basis_points=5000), max_ltv_hard_fail=Percentage(basis_points=10000), min_credit_score=580, effective_date=datetime.date(2026, 1, 1)))
E        +    where Percentage(basis_points=3600) = Thresholds(dti_low_max=Percentage(basis_points=3600), dti_medium_max=Percentage(basis_points=4300), ltv_low_max=Percentage(basis_points=8000), ltv_medium_max=Percentage(basis_points=9500), max_dti_hard_fail=Percentage(basis_points=5000), max_ltv_hard_fail=Percentage(basis_points=10000), min_credit_score=580, effective_date=datetime.date(2026, 1, 1)).dti_low_max
E        +  and   <Band.LOW: 'low'> = Band.LOW

demo-repo\tests\unit\test_risk_bands.py:11: AssertionError
_____________________ test_ltv_at_low_max_boundary_is_low _____________________

default_thresholds = Thresholds(dti_low_max=Percentage(basis_points=3600), dti_medium_max=Percentage(basis_points=4300), ltv_low_max=Percen...000), max_ltv_hard_fail=Percentage(basis_points=10000), min_credit_score=580, effective_date=datetime.date(2026, 1, 1))

    def test_ltv_at_low_max_boundary_is_low(default_thresholds) -> None:
>       assert classify_ltv(default_thresholds.ltv_low_max, default_thresholds) is Band.LOW
E       AssertionError: assert <Band.MEDIUM: 'medium'> is <Band.LOW: 'low'>
E        +  where <Band.MEDIUM: 'medium'> = classify_ltv(Percentage(basis_points=8000), Thresholds(dti_low_max=Percentage(basis_points=3600), dti_medium_max=Percentage(basis_points=4300), ltv_low_max=Percentage(basis_points=8000), ltv_medium_max=Percentage(basis_points=9500), max_dti_hard_fail=Percentage(basis_points=5000), max_ltv_hard_fail=Percentage(basis_points=10000), min_credit_score=580, effective_date=datetime.date(2026, 1, 1)))
E        +    where Percentage(basis_points=8000) = Thresholds(dti_low_max=Percentage(basis_points=3600), dti_medium_max=Percentage(basis_points=4300), ltv_low_max=Percentage(basis_points=8000), ltv_medium_max=Percentage(basis_points=9500), max_dti_hard_fail=Percentage(basis_points=5000), max_ltv_hard_fail=Percentage(basis_points=10000), min_credit_score=580, effective_date=datetime.date(2026, 1, 1)).ltv_low_max
E        +  and   <Band.LOW: 'low'> = Band.LOW

demo-repo\tests\unit\test_risk_bands.py:29: AssertionError
=========================== short test summary info ===========================
FAILED demo-repo\tests\unit\test_risk_bands.py::test_dti_at_low_max_boundary_is_low
FAILED demo-repo\tests\unit\test_risk_bands.py::test_ltv_at_low_max_boundary_is_low
EXIT:1
